inode region block-aligned [test-disk1]: found 88 expected 0
